v0: 5000 trials, 435 successes, success_rate: 8.7%
v0: 5000 trials, 434 successes, success_rate: 8.68%
v0: 5000 trials, 449 successes, success_rate: 8.98%
v1: 5000 trials, 81 successes, success_rate: 1.62%
v1: 5000 trials, 64 successes, success_rate: 1.28%
v1: 5000 trials, 63 successes, success_rate: 1.26%
v2: 5000 trials, 86 successes, success_rate: 1.72%
v2: 5000 trials, 62 successes, success_rate: 1.24%
v2: 5000 trials, 71 successes, success_rate: 1.42%
